    resource          used     requested  usage                                         jobID S jobname
    --------          ----     ---------  -----                                         ----- - -------
    walltime       15.4  h      200.0  h     8% |[31mâ–ˆâ–ˆ[0m------------------| ([31mbad[0m)          1253496 C _26R1m062xbis.com
      memory        7.7 gb       15.0 gb    51% |[33mâ–ˆâ–ˆâ–ˆâ–ˆâ–ˆâ–ˆâ–ˆâ–ˆâ–ˆâ–ˆ[0m----------| ([33mmedium[0m) 
       cores        3.2           4         80% |[33mâ–ˆâ–ˆâ–ˆâ–ˆâ–ˆâ–ˆâ–ˆâ–ˆâ–ˆâ–ˆâ–ˆâ–ˆâ–ˆâ–ˆâ–ˆâ–ˆ[0m----| ([33mmedium[0m) 

    walltime        0.3  h      200.0  h     0% |[31m[0m--------------------| ([31mbad[0m)          1254142 C _26R1m062xbiswfx.com
      memory        0.5 gb       15.0 gb     3% |[33mâ–ˆ[0m-------------------| ([33mmedium[0m) 
       cores        4.0           4        100% |[32mâ–ˆâ–ˆâ–ˆâ–ˆâ–ˆâ–ˆâ–ˆâ–ˆâ–ˆâ–ˆâ–ˆâ–ˆâ–ˆâ–ˆâ–ˆâ–ˆâ–ˆâ–ˆâ–ˆâ–ˆ[0m| ([32mgood[0m)   

    walltime        0.3  h      200.0  h     0% |[31m[0m--------------------| ([31mbad[0m)          1254143 C _26R1cbbiswfx.com
      memory        0.4 gb       15.0 gb     3% |[33mâ–ˆ[0m-------------------| ([33mmedium[0m) 
       cores        4.0           4        100% |[32mâ–ˆâ–ˆâ–ˆâ–ˆâ–ˆâ–ˆâ–ˆâ–ˆâ–ˆâ–ˆâ–ˆâ–ˆâ–ˆâ–ˆâ–ˆâ–ˆâ–ˆâ–ˆâ–ˆâ–ˆ[0m| ([32mgood[0m)   

    walltime        7.0  h      336.0  h     2% |[34m[0m--------------------| ([34m-[0m)            1254169 R _36t2c6f5nlodcm3000_8.com
      memory        8.3 gb      120.0 gb     7% |[31mâ–ˆ[0m-------------------| ([31mbad[0m)    
       cores        4.0           8         50% |[31mâ–ˆâ–ˆâ–ˆâ–ˆâ–ˆâ–ˆâ–ˆâ–ˆâ–ˆâ–ˆ[0m----------| ([31mbad[0m)    
Alert: only 8.3 gb of the requested 120.0 gb memory used. Please request less memory to avoid wasting resources.
Alert: only 4.0 of the requested 8 cores used. Please request less cores or make sure your program uses all cores to avoid wasting resources.

    walltime        0.0  h      160.0  h     0% |[31m[0m--------------------| ([31mbad[0m)          1254176 C bzbis.inp
      memory      312.5 gb      312.5 gb   100% |[35mâ–ˆâ–ˆâ–ˆâ–ˆâ–ˆâ–ˆâ–ˆâ–ˆâ–ˆâ–ˆâ–ˆâ–ˆâ–ˆâ–ˆâ–ˆâ–ˆâ–ˆâ–ˆâ–ˆâ–ˆ[0m| ([35mdanger[0m) 
       cores       10.8          16          -  |                    |          
Alert: memory close to the limit (100 %). If your job failed, request more memory.

    walltime        0.0  h      160.0  h     0% |[31m[0m--------------------| ([31mbad[0m)          1254178 C bzbis.inp
      memory        1.0 gb       39.1 gb     3% |[32mâ–ˆ[0m-------------------| ([32mgood[0m)   
       cores        3.1          16          -  |                    |          

    walltime        0.0  h      160.0  h     0% |[31m[0m--------------------| ([31mbad[0m)          1254180 C bzbis.inp
      memory      156.2 gb      156.2 gb   100% |[35mâ–ˆâ–ˆâ–ˆâ–ˆâ–ˆâ–ˆâ–ˆâ–ˆâ–ˆâ–ˆâ–ˆâ–ˆâ–ˆâ–ˆâ–ˆâ–ˆâ–ˆâ–ˆâ–ˆâ–ˆ[0m| ([35mdanger[0m) 
       cores        7.2          16          -  |                    |          
Alert: memory close to the limit (100 %). If your job failed, request more memory.

    walltime        0.0  h      160.0  h     0% |[31m[0m--------------------| ([31mbad[0m)          1254185 C bzbis.inp
      memory      312.5 gb      312.5 gb   100% |[35mâ–ˆâ–ˆâ–ˆâ–ˆâ–ˆâ–ˆâ–ˆâ–ˆâ–ˆâ–ˆâ–ˆâ–ˆâ–ˆâ–ˆâ–ˆâ–ˆâ–ˆâ–ˆâ–ˆâ–ˆ[0m| ([35mdanger[0m) 
       cores        9.2          16          -  |                    |          
Alert: memory close to the limit (100 %). If your job failed, request more memory.

    walltime        0.0  h      160.0  h     0% |[31m[0m--------------------| ([31mbad[0m)          1254375 C bzbis.inp
      memory      312.5 gb      312.5 gb   100% |[35mâ–ˆâ–ˆâ–ˆâ–ˆâ–ˆâ–ˆâ–ˆâ–ˆâ–ˆâ–ˆâ–ˆâ–ˆâ–ˆâ–ˆâ–ˆâ–ˆâ–ˆâ–ˆâ–ˆâ–ˆ[0m| ([35mdanger[0m) 
       cores       10.3          16          -  |                    |          
Alert: memory close to the limit (100 %). If your job failed, request more memory.

    walltime        0.0  h      160.0  h     0% |[31m[0m--------------------| ([31mbad[0m)          1254536 C bzbis.inp
      memory      351.6 gb      351.6 gb   100% |[35mâ–ˆâ–ˆâ–ˆâ–ˆâ–ˆâ–ˆâ–ˆâ–ˆâ–ˆâ–ˆâ–ˆâ–ˆâ–ˆâ–ˆâ–ˆâ–ˆâ–ˆâ–ˆâ–ˆâ–ˆ[0m| ([35mdanger[0m) 
       cores       11.2          16          -  |                    |          
Alert: memory close to the limit (100 %). If your job failed, request more memory.

    walltime        0.0  h      160.0  h     0% |[31m[0m--------------------| ([31mbad[0m)          1254537 C bzbis.inp
      memory      351.6 gb      351.6 gb   100% |[35mâ–ˆâ–ˆâ–ˆâ–ˆâ–ˆâ–ˆâ–ˆâ–ˆâ–ˆâ–ˆâ–ˆâ–ˆâ–ˆâ–ˆâ–ˆâ–ˆâ–ˆâ–ˆâ–ˆâ–ˆ[0m| ([35mdanger[0m) 
       cores       10.6          16          -  |                    |          
Alert: memory close to the limit (100 %). If your job failed, request more memory.

    walltime        0.0  h      160.0  h     0% |[31m[0m--------------------| ([31mbad[0m)          1254538 C bzmonobis.inp
      memory        7.8 gb        7.8 gb   100% |[35mâ–ˆâ–ˆâ–ˆâ–ˆâ–ˆâ–ˆâ–ˆâ–ˆâ–ˆâ–ˆâ–ˆâ–ˆâ–ˆâ–ˆâ–ˆâ–ˆâ–ˆâ–ˆâ–ˆâ–ˆ[0m| ([35mdanger[0m) 
       cores        3.7          16          -  |                    |          
Alert: memory close to the limit (100 %). If your job failed, request more memory.

    walltime        0.0  h      160.0  h     0% |[31m[0m--------------------| ([31mbad[0m)          1254539 C bzmonobis.inp
      memory        7.8 gb        7.8 gb   100% |[35mâ–ˆâ–ˆâ–ˆâ–ˆâ–ˆâ–ˆâ–ˆâ–ˆâ–ˆâ–ˆâ–ˆâ–ˆâ–ˆâ–ˆâ–ˆâ–ˆâ–ˆâ–ˆâ–ˆâ–ˆ[0m| ([35mdanger[0m) 
       cores        3.5          16          -  |                    |          
Alert: memory close to the limit (100 %). If your job failed, request more memory.

    walltime        0.0  h      160.0  h     0% |[31m[0m--------------------| ([31mbad[0m)          1254540 C cdmbis.inp
      memory       15.6 gb       15.6 gb   100% |[35mâ–ˆâ–ˆâ–ˆâ–ˆâ–ˆâ–ˆâ–ˆâ–ˆâ–ˆâ–ˆâ–ˆâ–ˆâ–ˆâ–ˆâ–ˆâ–ˆâ–ˆâ–ˆâ–ˆâ–ˆ[0m| ([35mdanger[0m) 
       cores        4.8          16          -  |                    |          
Alert: memory close to the limit (100 %). If your job failed, request more memory.

    walltime        0.0  h      160.0  h     0% |[31m[0m--------------------| ([31mbad[0m)          1254541 C cdmbis.inp
      memory       60.0 gb       62.5 gb    96% |[35mâ–ˆâ–ˆâ–ˆâ–ˆâ–ˆâ–ˆâ–ˆâ–ˆâ–ˆâ–ˆâ–ˆâ–ˆâ–ˆâ–ˆâ–ˆâ–ˆâ–ˆâ–ˆâ–ˆ[0m-| ([35mdanger[0m) 
       cores        9.7          16          -  |                    |          
Alert: memory close to the limit (96 %). If your job failed, request more memory.

    walltime        1.4  h      200.0  h     1% |[34m[0m--------------------| ([34m-[0m)            1254614 R _26r1cb3lypbis.com
      memory        0.7 gb       25.0 gb     3% |[31mâ–ˆ[0m-------------------| ([31mbad[0m)    
       cores        4.0           4        100% |[32mâ–ˆâ–ˆâ–ˆâ–ˆâ–ˆâ–ˆâ–ˆâ–ˆâ–ˆâ–ˆâ–ˆâ–ˆâ–ˆâ–ˆâ–ˆâ–ˆâ–ˆâ–ˆâ–ˆâ–ˆ[0m| ([32mgood[0m)   
Alert: only 0.7 gb of the requested 25.0 gb memory used. Please request less memory to avoid wasting resources.

    walltime        1.2  h      200.0  h     1% |[34m[0m--------------------| ([34m-[0m)            1254617 R _26r1cb3lypnicstris.com
      memory        0.7 gb       18.0 gb     4% |[31mâ–ˆ[0m-------------------| ([31mbad[0m)    
       cores        4.0           4         99% |[32mâ–ˆâ–ˆâ–ˆâ–ˆâ–ˆâ–ˆâ–ˆâ–ˆâ–ˆâ–ˆâ–ˆâ–ˆâ–ˆâ–ˆâ–ˆâ–ˆâ–ˆâ–ˆâ–ˆâ–ˆ[0m| ([32mgood[0m)   
Alert: only 0.7 gb of the requested 18.0 gb memory used. Please request less memory to avoid wasting resources.

