    resource          used     requested  usage                                         jobID S jobname
    --------          ----     ---------  -----                                         ----- - -------
    walltime        0.0  h        0.7  h     1% |[31m[0m--------------------| ([31mbad[0m)       1941241[1] C model_eval.pbs-1
      memory        0.0 gb        1.0 gb     0% |[32m[0m--------------------| ([32mgood[0m)   
       cores        0.3           4          -  |                    |          
Alert: job stopped with non-zero exit code (1).

    walltime        0.0  h        0.7  h     2% |[31m[0m--------------------| ([31mbad[0m)       1941243[1] C model_eval.pbs-1
      memory        0.0 gb        1.0 gb     3% |[32mâ–ˆ[0m-------------------| ([32mgood[0m)   
       cores        0.2           4          -  |                    |          
Alert: job stopped with non-zero exit code (1).

    walltime        0.0  h        8.0  h     0% |[31m[0m--------------------| ([31mbad[0m)       1941271[1] C model_eval.pbs-1
      memory        0.1 gb        1.0 gb    13% |[32mâ–ˆâ–ˆâ–ˆ[0m-----------------| ([32mgood[0m)   
       cores        0.6           1          -  |                    |          
Alert: job stopped with non-zero exit code (1).

    walltime        0.0  h        8.0  h     0% |[31m[0m--------------------| ([31mbad[0m)       1941275[1] C model_eval.pbs-1
      memory        0.0 gb        1.0 gb     0% |[32m[0m--------------------| ([32mgood[0m)   
       cores        0.2           1          -  |                    |          

    walltime        0.0  h        8.0  h     0% |[31m[0m--------------------| ([31mbad[0m)       1941275[2] C model_eval.pbs-2
      memory        0.0 gb        1.0 gb     0% |[32m[0m--------------------| ([32mgood[0m)   
       cores        0.4           1          -  |                    |          

    walltime        0.0  h        8.0  h     0% |[31m[0m--------------------| ([31mbad[0m)       1941275[3] C model_eval.pbs-3
      memory        0.0 gb        1.0 gb     0% |[32m[0m--------------------| ([32mgood[0m)   
       cores        0.4           1          -  |                    |          

    walltime        0.0  h        8.0  h     0% |[31m[0m--------------------| ([31mbad[0m)       1941275[4] C model_eval.pbs-4
      memory        0.1 gb        1.0 gb     7% |[32mâ–ˆ[0m-------------------| ([32mgood[0m)   
       cores        0.6           1          -  |                    |          

    walltime        0.0  h        8.0  h     0% |[31m[0m--------------------| ([31mbad[0m)       1941280[1] C model_eval.pbs-1
      memory        0.2 gb        1.0 gb    16% |[32mâ–ˆâ–ˆâ–ˆ[0m-----------------| ([32mgood[0m)   
       cores        1.0           1          -  |                    |          

    walltime        0.0  h        8.0  h     0% |[31m[0m--------------------| ([31mbad[0m)       1941280[2] C model_eval.pbs-2
      memory        0.0 gb        1.0 gb     0% |[32m[0m--------------------| ([32mgood[0m)   
       cores        0.5           1          -  |                    |          

    walltime        0.0  h        8.0  h     0% |[31m[0m--------------------| ([31mbad[0m)       1941280[3] C model_eval.pbs-3
      memory        0.0 gb        1.0 gb     0% |[32m[0m--------------------| ([32mgood[0m)   
       cores        0.4           1          -  |                    |          

    walltime        0.0  h        8.0  h     0% |[31m[0m--------------------| ([31mbad[0m)       1941280[4] C model_eval.pbs-4
      memory        0.0 gb        1.0 gb     0% |[32m[0m--------------------| ([32mgood[0m)   
       cores        0.9           1          -  |                    |          

    walltime        0.0  h        8.0  h     0% |[31m[0m--------------------| ([31mbad[0m)       1941287[1] C model_eval.pbs-1
      memory        0.0 gb        1.0 gb     0% |[32m[0m--------------------| ([32mgood[0m)   
       cores        0.5           1          -  |                    |          

    walltime        0.0  h        8.0  h     0% |[31m[0m--------------------| ([31mbad[0m)       1941287[2] C model_eval.pbs-2
      memory        0.0 gb        1.0 gb     0% |[32m[0m--------------------| ([32mgood[0m)   
       cores        1.0           1          -  |                    |          

    walltime        0.0  h        8.0  h     0% |[31m[0m--------------------| ([31mbad[0m)       1941287[3] C model_eval.pbs-3
      memory        0.0 gb        1.0 gb     0% |[32m[0m--------------------| ([32mgood[0m)   
       cores        -             1          -  |                    |          

    walltime        0.0  h        8.0  h     0% |[31m[0m--------------------| ([31mbad[0m)       1941287[4] C model_eval.pbs-4
      memory        0.0 gb        1.0 gb     0% |[32m[0m--------------------| ([32mgood[0m)   
       cores        -             1          -  |                    |          

    walltime        0.0  h        8.0  h     0% |[31m[0m--------------------| ([31mbad[0m)       1941317[1] C model_eval.pbs-1
      memory        0.0 gb        1.0 gb     0% |[32m[0m--------------------| ([32mgood[0m)   
       cores        0.2           1          -  |                    |          

    walltime        0.0  h        8.0  h     0% |[31m[0m--------------------| ([31mbad[0m)       1941317[2] C model_eval.pbs-2
      memory        0.0 gb        1.0 gb     0% |[32m[0m--------------------| ([32mgood[0m)   
       cores        -             1          -  |                    |          

    walltime        0.0  h        8.0  h     0% |[31m[0m--------------------| ([31mbad[0m)       1941317[3] C model_eval.pbs-3
      memory        0.0 gb        1.0 gb     1% |[32m[0m--------------------| ([32mgood[0m)   
       cores        -             1          -  |                    |          

    walltime        0.0  h        8.0  h     0% |[31m[0m--------------------| ([31mbad[0m)       1941317[4] C model_eval.pbs-4
      memory        0.0 gb        1.0 gb     0% |[32m[0m--------------------| ([32mgood[0m)   
       cores        -             1          -  |                    |          

    walltime        0.0  h        8.0  h     0% |[31m[0m--------------------| ([31mbad[0m)       1941320[1] C model_eval.pbs-1
      memory        0.0 gb        1.0 gb     0% |[32m[0m--------------------| ([32mgood[0m)   
       cores        0.5           1          -  |                    |          

    walltime        0.0  h        8.0  h     0% |[31m[0m--------------------| ([31mbad[0m)       1941320[2] C model_eval.pbs-2
      memory        0.2 gb        1.0 gb    17% |[32mâ–ˆâ–ˆâ–ˆ[0m-----------------| ([32mgood[0m)   
       cores        0.4           1          -  |                    |          

    walltime        0.0  h        8.0  h     0% |[31m[0m--------------------| ([31mbad[0m)       1941320[3] C model_eval.pbs-3
      memory        0.2 gb        1.0 gb    15% |[32mâ–ˆâ–ˆâ–ˆ[0m-----------------| ([32mgood[0m)   
       cores        0.4           1          -  |                    |          

    walltime        0.0  h        8.0  h     0% |[31m[0m--------------------| ([31mbad[0m)       1941320[4] C model_eval.pbs-4
      memory        0.2 gb        1.0 gb    17% |[32mâ–ˆâ–ˆâ–ˆ[0m-----------------| ([32mgood[0m)   
       cores        0.9           1          -  |                    |          

    walltime        0.3  h        8.0  h     3% |[31mâ–ˆ[0m-------------------| ([31mbad[0m)      1941322[17] C model_eval_boosting.pbs-17
      memory        4.0 gb        4.0 gb   100% |[35mâ–ˆâ–ˆâ–ˆâ–ˆâ–ˆâ–ˆâ–ˆâ–ˆâ–ˆâ–ˆâ–ˆâ–ˆâ–ˆâ–ˆâ–ˆâ–ˆâ–ˆâ–ˆâ–ˆâ–ˆ[0m| ([35mdanger[0m) 
       cores        1.0           8         12% |[31mâ–ˆâ–ˆ[0m------------------| ([31mbad[0m)    
Alert: memory close to the limit (100 %). If your job failed, request more memory.
Alert: only 1.0 of the requested 8 cores used. Please request less cores or make sure your program uses all cores to avoid wasting resources.
Alert: job stopped with non-zero exit code (1).

    walltime        0.3  h        8.0  h     3% |[31mâ–ˆ[0m-------------------| ([31mbad[0m)      1941326[17] C model_eval_boosting.pbs-17
      memory        4.0 gb        4.0 gb   100% |[35mâ–ˆâ–ˆâ–ˆâ–ˆâ–ˆâ–ˆâ–ˆâ–ˆâ–ˆâ–ˆâ–ˆâ–ˆâ–ˆâ–ˆâ–ˆâ–ˆâ–ˆâ–ˆâ–ˆâ–ˆ[0m| ([35mdanger[0m) 
       cores        1.0           8         12% |[31mâ–ˆâ–ˆ[0m------------------| ([31mbad[0m)    
Alert: memory close to the limit (100 %). If your job failed, request more memory.
Alert: only 1.0 of the requested 8 cores used. Please request less cores or make sure your program uses all cores to avoid wasting resources.

    walltime        0.3  h        8.0  h     4% |[31mâ–ˆ[0m-------------------| ([31mbad[0m)      1941350[24] C model_eval_boosting.pbs-24
      memory        4.0 gb        4.0 gb   100% |[35mâ–ˆâ–ˆâ–ˆâ–ˆâ–ˆâ–ˆâ–ˆâ–ˆâ–ˆâ–ˆâ–ˆâ–ˆâ–ˆâ–ˆâ–ˆâ–ˆâ–ˆâ–ˆâ–ˆâ–ˆ[0m| ([35mdanger[0m) 
       cores        1.0           8         12% |[31mâ–ˆâ–ˆ[0m------------------| ([31mbad[0m)    
Alert: memory close to the limit (100 %). If your job failed, request more memory.
Alert: only 1.0 of the requested 8 cores used. Please request less cores or make sure your program uses all cores to avoid wasting resources.

    walltime        0.0  h        8.0  h     0% |[31m[0m--------------------| ([31mbad[0m)       1941656[1] C model_eval.pbs-1
      memory        0.0 gb        1.0 gb     0% |[32m[0m--------------------| ([32mgood[0m)   
       cores        0.5           1          -  |                    |          

    walltime        0.0  h        8.0  h     0% |[31m[0m--------------------| ([31mbad[0m)       1941656[2] C model_eval.pbs-2
      memory        0.0 gb        1.0 gb     0% |[32m[0m--------------------| ([32mgood[0m)   
       cores        0.3           1          -  |                    |          

    walltime        0.0  h        8.0  h     0% |[31m[0m--------------------| ([31mbad[0m)       1941656[3] C model_eval.pbs-3
      memory        0.0 gb        1.0 gb     1% |[32m[0m--------------------| ([32mgood[0m)   
       cores        0.3           1          -  |                    |          

    walltime        0.0  h        8.0  h     0% |[31m[0m--------------------| ([31mbad[0m)       1941656[4] C model_eval.pbs-4
      memory        0.0 gb        1.0 gb     0% |[32m[0m--------------------| ([32mgood[0m)   
       cores        1.0           1          -  |                    |          

    walltime        0.0  h        1.0  h     0% |[31m[0m--------------------| ([31mbad[0m)          1941657 C model_evaluation.py
      memory        0.0 gb        4.0 gb     0% |[33m[0m--------------------| ([33mmedium[0m) 
       cores        -             1          -  |                    |          
Alert: job stopped with non-zero exit code (127).

    walltime        0.0  h        8.0  h     0% |[31m[0m--------------------| ([31mbad[0m)       1941658[1] C model_eval.pbs-1
      memory        0.0 gb        1.0 gb     0% |[32m[0m--------------------| ([32mgood[0m)   
       cores        0.3           1          -  |                    |          

    walltime        0.0  h        8.0  h     0% |[31m[0m--------------------| ([31mbad[0m)       1941658[2] C model_eval.pbs-2
      memory        0.0 gb        1.0 gb     0% |[32m[0m--------------------| ([32mgood[0m)   
       cores        0.3           1          -  |                    |          

    walltime        0.0  h        8.0  h     0% |[31m[0m--------------------| ([31mbad[0m)       1941658[3] C model_eval.pbs-3
      memory        0.0 gb        1.0 gb     0% |[32m[0m--------------------| ([32mgood[0m)   
       cores        0.4           1          -  |                    |          

    walltime        0.0  h        8.0  h     0% |[31m[0m--------------------| ([31mbad[0m)       1941658[4] C model_eval.pbs-4
      memory        0.0 gb        1.0 gb     1% |[32m[0m--------------------| ([32mgood[0m)   
       cores        0.1           1          -  |                    |          

    walltime        0.0  h        8.0  h     0% |[31m[0m--------------------| ([31mbad[0m)       1941659[1] C model_eval.pbs-1
      memory        0.0 gb        1.0 gb     0% |[32m[0m--------------------| ([32mgood[0m)   
       cores        0.3           1          -  |                    |          

    walltime        0.0  h        8.0  h     0% |[31m[0m--------------------| ([31mbad[0m)       1941659[2] C model_eval.pbs-2
      memory        0.1 gb        1.0 gb     9% |[32mâ–ˆâ–ˆ[0m------------------| ([32mgood[0m)   
       cores        0.5           1          -  |                    |          

    walltime        0.0  h        8.0  h     0% |[31m[0m--------------------| ([31mbad[0m)       1941659[3] C model_eval.pbs-3
      memory        0.1 gb        1.0 gb     9% |[32mâ–ˆâ–ˆ[0m------------------| ([32mgood[0m)   
       cores        0.7           1          -  |                    |          

    walltime        0.0  h        8.0  h     0% |[31m[0m--------------------| ([31mbad[0m)       1941659[4] C model_eval.pbs-4
      memory        0.1 gb        1.0 gb     9% |[32mâ–ˆâ–ˆ[0m------------------| ([32mgood[0m)   
       cores        0.6           1          -  |                    |          

    walltime        0.0  h        8.0  h     0% |[31m[0m--------------------| ([31mbad[0m)       1941786[1] C model_eval.pbs-1
      memory        0.0 gb        1.0 gb     0% |[32m[0m--------------------| ([32mgood[0m)   
       cores        0.5           1          -  |                    |          

    walltime        0.0  h        8.0  h     0% |[31m[0m--------------------| ([31mbad[0m)       1941786[2] C model_eval.pbs-2
      memory        0.0 gb        1.0 gb     0% |[32m[0m--------------------| ([32mgood[0m)   
       cores        1.0           1          -  |                    |          

    walltime        0.0  h        8.0  h     0% |[31m[0m--------------------| ([31mbad[0m)       1941786[3] C model_eval.pbs-3
      memory        0.0 gb        1.0 gb     0% |[32m[0m--------------------| ([32mgood[0m)   
       cores        0.8           1          -  |                    |          

    walltime        0.0  h        8.0  h     0% |[31m[0m--------------------| ([31mbad[0m)       1941786[4] C model_eval.pbs-4
      memory        0.0 gb        1.0 gb     0% |[32m[0m--------------------| ([32mgood[0m)   
       cores        0.9           1          -  |                    |          

    walltime        -    h       12.0  h     -  |                    |             1941787[4] Q model_eval.pbs-4
      memory        -   gb        4.0 gb     -  |                    |          
       cores        -            16          -  |                    |          

    walltime        -    h       12.0  h     -  |                    |             1941787[5] Q model_eval.pbs-5
      memory        -   gb        4.0 gb     -  |                    |          
       cores        -            16          -  |                    |          

    walltime        -    h       12.0  h     -  |                    |             1941787[6] Q model_eval.pbs-6
      memory        -   gb        4.0 gb     -  |                    |          
       cores        -            16          -  |                    |          

    walltime        -    h       12.0  h     -  |                    |             1941787[7] Q model_eval.pbs-7
      memory        -   gb        4.0 gb     -  |                    |          
       cores        -            16          -  |                    |          

    walltime        -    h       12.0  h     -  |                    |             1941787[8] Q model_eval.pbs-8
      memory        -   gb        4.0 gb     -  |                    |          
       cores        -            16          -  |                    |          

    walltime        -    h       12.0  h     -  |                    |             1941787[9] Q model_eval.pbs-9
      memory        -   gb        4.0 gb     -  |                    |          
       cores        -            16          -  |                    |          

    walltime        -    h       12.0  h     -  |                    |            1941787[10] Q model_eval.pbs-10
      memory        -   gb        4.0 gb     -  |                    |          
       cores        -            16          -  |                    |          

    walltime        -    h       12.0  h     -  |                    |            1941787[11] Q model_eval.pbs-11
      memory        -   gb        4.0 gb     -  |                    |          
       cores        -            16          -  |                    |          

    walltime        -    h       12.0  h     -  |                    |            1941787[12] Q model_eval.pbs-12
      memory        -   gb        4.0 gb     -  |                    |          
       cores        -            16          -  |                    |          

    walltime        -    h       12.0  h     -  |                    |            1941787[13] Q model_eval.pbs-13
      memory        -   gb        4.0 gb     -  |                    |          
       cores        -            16          -  |                    |          

    walltime        -    h       12.0  h     -  |                    |            1941787[14] Q model_eval.pbs-14
      memory        -   gb        4.0 gb     -  |                    |          
       cores        -            16          -  |                    |          

    walltime        -    h       12.0  h     -  |                    |            1941787[15] Q model_eval.pbs-15
      memory        -   gb        4.0 gb     -  |                    |          
       cores        -            16          -  |                    |          

    walltime        -    h       12.0  h     -  |                    |            1941787[16] Q model_eval.pbs-16
      memory        -   gb        4.0 gb     -  |                    |          
       cores        -            16          -  |                    |          

    walltime        -    h       12.0  h     -  |                    |            1941787[17] Q model_eval.pbs-17
      memory        -   gb        4.0 gb     -  |                    |          
       cores        -            16          -  |                    |          

    walltime        -    h       12.0  h     -  |                    |            1941787[18] Q model_eval.pbs-18
      memory        -   gb        4.0 gb     -  |                    |          
       cores        -            16          -  |                    |          

    walltime        -    h       12.0  h     -  |                    |            1941787[19] Q model_eval.pbs-19
      memory        -   gb        4.0 gb     -  |                    |          
       cores        -            16          -  |                    |          

    walltime        -    h       12.0  h     -  |                    |            1941787[20] Q model_eval.pbs-20
      memory        -   gb        4.0 gb     -  |                    |          
       cores        -            16          -  |                    |          

    walltime        -    h       12.0  h     -  |                    |            1941787[21] Q model_eval.pbs-21
      memory        -   gb        4.0 gb     -  |                    |          
       cores        -            16          -  |                    |          

    walltime        -    h       12.0  h     -  |                    |            1941787[22] Q model_eval.pbs-22
      memory        -   gb        4.0 gb     -  |                    |          
       cores        -            16          -  |                    |          

    walltime        -    h       12.0  h     -  |                    |            1941787[23] Q model_eval.pbs-23
      memory        -   gb        4.0 gb     -  |                    |          
       cores        -            16          -  |                    |          

    walltime        -    h       12.0  h     -  |                    |            1941787[24] Q model_eval.pbs-24
      memory        -   gb        4.0 gb     -  |                    |          
       cores        -            16          -  |                    |          

    walltime        -    h       12.0  h     -  |                    |            1941787[25] Q model_eval.pbs-25
      memory        -   gb        4.0 gb     -  |                    |          
       cores        -            16          -  |                    |          

    walltime        -    h       12.0  h     -  |                    |            1941787[26] Q model_eval.pbs-26
      memory        -   gb        4.0 gb     -  |                    |          
       cores        -            16          -  |                    |          

    walltime        -    h       12.0  h     -  |                    |            1941787[27] Q model_eval.pbs-27
      memory        -   gb        4.0 gb     -  |                    |          
       cores        -            16          -  |                    |          

    walltime        -    h       12.0  h     -  |                    |            1941787[28] Q model_eval.pbs-28
      memory        -   gb        4.0 gb     -  |                    |          
       cores        -            16          -  |                    |          

    walltime        -    h       12.0  h     -  |                    |            1941787[29] Q model_eval.pbs-29
      memory        -   gb        4.0 gb     -  |                    |          
       cores        -            16          -  |                    |          

    walltime        -    h       12.0  h     -  |                    |            1941787[30] Q model_eval.pbs-30
      memory        -   gb        4.0 gb     -  |                    |          
       cores        -            16          -  |                    |          

    walltime        -    h       12.0  h     -  |                    |            1941787[31] Q model_eval.pbs-31
      memory        -   gb        4.0 gb     -  |                    |          
       cores        -            16          -  |                    |          

    walltime        -    h       12.0  h     -  |                    |            1941787[32] Q model_eval.pbs-32
      memory        -   gb        4.0 gb     -  |                    |          
       cores        -            16          -  |                    |          

    walltime        -    h       12.0  h     -  |                    |            1941787[33] Q model_eval.pbs-33
      memory        -   gb        4.0 gb     -  |                    |          
       cores        -            16          -  |                    |          

    walltime        -    h       12.0  h     -  |                    |            1941787[34] Q model_eval.pbs-34
      memory        -   gb        4.0 gb     -  |                    |          
       cores        -            16          -  |                    |          

    walltime        -    h       12.0  h     -  |                    |             1941790[4] C model_eval.pbs-4
      memory        -   gb        4.0 gb     -  |                    |          
       cores        -            16          -  |                    |          

    walltime        -    h       12.0  h     -  |                    |             1941790[5] C model_eval.pbs-5
      memory        -   gb        4.0 gb     -  |                    |          
       cores        -            16          -  |                    |          

    walltime        -    h       12.0  h     -  |                    |             1941790[6] C model_eval.pbs-6
      memory        -   gb        4.0 gb     -  |                    |          
       cores        -            16          -  |                    |          

    walltime        -    h       12.0  h     -  |                    |             1941790[7] C model_eval.pbs-7
      memory        -   gb        4.0 gb     -  |                    |          
       cores        -            16          -  |                    |          

    walltime        -    h       12.0  h     -  |                    |             1941790[8] C model_eval.pbs-8
      memory        -   gb        4.0 gb     -  |                    |          
       cores        -            16          -  |                    |          

    walltime        -    h       12.0  h     -  |                    |             1941790[9] C model_eval.pbs-9
      memory        -   gb        4.0 gb     -  |                    |          
       cores        -            16          -  |                    |          

    walltime        -    h       12.0  h     -  |                    |            1941790[10] C model_eval.pbs-10
      memory        -   gb        4.0 gb     -  |                    |          
       cores        -            16          -  |                    |          

    walltime        -    h       12.0  h     -  |                    |            1941790[11] C model_eval.pbs-11
      memory        -   gb        4.0 gb     -  |                    |          
       cores        -            16          -  |                    |          

    walltime        -    h       12.0  h     -  |                    |            1941790[12] C model_eval.pbs-12
      memory        -   gb        4.0 gb     -  |                    |          
       cores        -            16          -  |                    |          

    walltime        -    h       12.0  h     -  |                    |            1941790[13] C model_eval.pbs-13
      memory        -   gb        4.0 gb     -  |                    |          
       cores        -            16          -  |                    |          

    walltime        -    h       12.0  h     -  |                    |            1941790[14] C model_eval.pbs-14
      memory        -   gb        4.0 gb     -  |                    |          
       cores        -            16          -  |                    |          

    walltime        -    h       12.0  h     -  |                    |            1941790[15] C model_eval.pbs-15
      memory        -   gb        4.0 gb     -  |                    |          
       cores        -            16          -  |                    |          

    walltime        -    h       12.0  h     -  |                    |            1941790[16] C model_eval.pbs-16
      memory        -   gb        4.0 gb     -  |                    |          
       cores        -            16          -  |                    |          

    walltime        -    h       12.0  h     -  |                    |            1941790[17] C model_eval.pbs-17
      memory        -   gb        4.0 gb     -  |                    |          
       cores        -            16          -  |                    |          

    walltime        -    h       12.0  h     -  |                    |            1941790[18] C model_eval.pbs-18
      memory        -   gb        4.0 gb     -  |                    |          
       cores        -            16          -  |                    |          

    walltime        -    h       12.0  h     -  |                    |            1941790[19] C model_eval.pbs-19
      memory        -   gb        4.0 gb     -  |                    |          
       cores        -            16          -  |                    |          

    walltime        -    h       12.0  h     -  |                    |            1941790[20] C model_eval.pbs-20
      memory        -   gb        4.0 gb     -  |                    |          
       cores        -            16          -  |                    |          

    walltime        -    h       12.0  h     -  |                    |            1941790[21] C model_eval.pbs-21
      memory        -   gb        4.0 gb     -  |                    |          
       cores        -            16          -  |                    |          

    walltime        -    h       12.0  h     -  |                    |            1941790[22] C model_eval.pbs-22
      memory        -   gb        4.0 gb     -  |                    |          
       cores        -            16          -  |                    |          

    walltime        -    h       12.0  h     -  |                    |            1941790[23] C model_eval.pbs-23
      memory        -   gb        4.0 gb     -  |                    |          
       cores        -            16          -  |                    |          

    walltime        -    h       12.0  h     -  |                    |            1941790[24] C model_eval.pbs-24
      memory        -   gb        4.0 gb     -  |                    |          
       cores        -            16          -  |                    |          

    walltime        -    h       12.0  h     -  |                    |            1941790[25] C model_eval.pbs-25
      memory        -   gb        4.0 gb     -  |                    |          
       cores        -            16          -  |                    |          

    walltime        -    h       12.0  h     -  |                    |            1941790[26] C model_eval.pbs-26
      memory        -   gb        4.0 gb     -  |                    |          
       cores        -            16          -  |                    |          

    walltime        -    h       12.0  h     -  |                    |            1941790[27] C model_eval.pbs-27
      memory        -   gb        4.0 gb     -  |                    |          
       cores        -            16          -  |                    |          

    walltime        -    h       12.0  h     -  |                    |            1941790[28] C model_eval.pbs-28
      memory        -   gb        4.0 gb     -  |                    |          
       cores        -            16          -  |                    |          

    walltime        -    h       12.0  h     -  |                    |            1941790[29] C model_eval.pbs-29
      memory        -   gb        4.0 gb     -  |                    |          
       cores        -            16          -  |                    |          

    walltime        -    h       12.0  h     -  |                    |            1941790[30] C model_eval.pbs-30
      memory        -   gb        4.0 gb     -  |                    |          
       cores        -            16          -  |                    |          

    walltime        -    h       12.0  h     -  |                    |            1941790[31] C model_eval.pbs-31
      memory        -   gb        4.0 gb     -  |                    |          
       cores        -            16          -  |                    |          

    walltime        -    h       12.0  h     -  |                    |            1941790[32] C model_eval.pbs-32
      memory        -   gb        4.0 gb     -  |                    |          
       cores        -            16          -  |                    |          

    walltime        -    h       12.0  h     -  |                    |            1941790[33] C model_eval.pbs-33
      memory        -   gb        4.0 gb     -  |                    |          
       cores        -            16          -  |                    |          

    walltime        -    h       12.0  h     -  |                    |            1941790[34] C model_eval.pbs-34
      memory        -   gb        4.0 gb     -  |                    |          
       cores        -            16          -  |                    |          

